Starting new tournament state. Completed: 0; remaining: 12; failed: 0; incomplete/unstarted: 12
Completed: 0 / 12 (0.00%) | Rate: 0.00 battles/s | Elapsed: 0d 0h 0m 10s | ETA: unknown | Failed: 0 | Workers: 1
Completed: 1 / 12 (8.33%) | Rate: 0.05 battles/s | Elapsed: 0d 0h 0m 20s | ETA: 0d 0h 3m 42s | Failed: 0 | Workers: 1
Completed: 3 / 12 (25.00%) | Rate: 0.10 battles/s | Elapsed: 0d 0h 0m 30s | ETA: 0d 0h 1m 30s | Failed: 0 | Workers: 1
Completed: 4 / 12 (33.33%) | Rate: 0.10 battles/s | Elapsed: 0d 0h 0m 40s | ETA: 0d 0h 1m 21s | Failed: 0 | Workers: 1
Completed: 6 / 12 (50.00%) | Rate: 0.12 battles/s | Elapsed: 0d 0h 0m 50s | ETA: 0d 0h 0m 50s | Failed: 0 | Workers: 1
Completed: 6 / 12 (50.00%) | Rate: 0.10 battles/s | Elapsed: 0d 0h 1m 0s | ETA: 0d 0h 1m 0s | Failed: 0 | Workers: 1
Completed: 7 / 12 (58.33%) | Rate: 0.10 battles/s | Elapsed: 0d 0h 1m 10s | ETA: 0d 0h 0m 50s | Failed: 0 | Workers: 1
Completed: 8 / 12 (66.67%) | Rate: 0.10 battles/s | Elapsed: 0d 0h 1m 21s | ETA: 0d 0h 0m 40s | Failed: 0 | Workers: 1
Completed: 8 / 12 (66.67%) | Rate: 0.09 battles/s | Elapsed: 0d 0h 1m 31s | ETA: 0d 0h 0m 45s | Failed: 0 | Workers: 1
Completed: 9 / 12 (75.00%) | Rate: 0.09 battles/s | Elapsed: 0d 0h 1m 41s | ETA: 0d 0h 0m 33s | Failed: 0 | Workers: 1
Completed: 9 / 12 (75.00%) | Rate: 0.08 battles/s | Elapsed: 0d 0h 1m 51s | ETA: 0d 0h 0m 37s | Failed: 0 | Workers: 1
Completed: 11 / 12 (91.67%) | Rate: 0.09 battles/s | Elapsed: 0d 0h 2m 1s | ETA: 0d 0h 0m 11s | Failed: 0 | Workers: 1
Completed: 11 / 12 (91.67%) | Rate: 0.08 battles/s | Elapsed: 0d 0h 2m 11s | ETA: 0d 0h 0m 11s | Failed: 0 | Workers: 1
Completed: 12 / 12 (100.00%) | Rate: 0.09 battles/s | Elapsed: 0d 0h 2m 11s | ETA: 0d 0h 0m 0s | Failed: 0 | Workers: 1
Starting new tournament state. Completed: 0; remaining: 12; failed: 0; incomplete/unstarted: 12
Completed: 0 / 12 (0.00%) | Rate: 0.00 battles/s | Elapsed: 0d 0h 0m 10s | ETA: unknown | Failed: 0 | Workers: 2
Completed: 4 / 12 (33.33%) | Rate: 0.20 battles/s | Elapsed: 0d 0h 0m 20s | ETA: 0d 0h 0m 40s | Failed: 0 | Workers: 2
Completed: 6 / 12 (50.00%) | Rate: 0.20 battles/s | Elapsed: 0d 0h 0m 30s | ETA: 0d 0h 0m 30s | Failed: 0 | Workers: 2
Completed: 7 / 12 (58.33%) | Rate: 0.17 battles/s | Elapsed: 0d 0h 0m 40s | ETA: 0d 0h 0m 29s | Failed: 0 | Workers: 2
Completed: 8 / 12 (66.67%) | Rate: 0.16 battles/s | Elapsed: 0d 0h 0m 51s | ETA: 0d 0h 0m 25s | Failed: 0 | Workers: 2
Completed: 9 / 12 (75.00%) | Rate: 0.15 battles/s | Elapsed: 0d 0h 1m 1s | ETA: 0d 0h 0m 20s | Failed: 0 | Workers: 2
Completed: 11 / 12 (91.67%) | Rate: 0.15 battles/s | Elapsed: 0d 0h 1m 11s | ETA: 0d 0h 0m 6s | Failed: 0 | Workers: 2
Completed: 12 / 12 (100.00%) | Rate: 0.16 battles/s | Elapsed: 0d 0h 1m 13s | ETA: 0d 0h 0m 0s | Failed: 0 | Workers: 2
Starting new tournament state. Completed: 0; remaining: 12; failed: 0; incomplete/unstarted: 12
Completed: 2 / 12 (16.67%) | Rate: 0.19 battles/s | Elapsed: 0d 0h 0m 10s | ETA: 0d 0h 0m 52s | Failed: 0 | Workers: 4
Completed: 6 / 12 (50.00%) | Rate: 0.29 battles/s | Elapsed: 0d 0h 0m 20s | ETA: 0d 0h 0m 20s | Failed: 0 | Workers: 4
Completed: 7 / 12 (58.33%) | Rate: 0.23 battles/s | Elapsed: 0d 0h 0m 31s | ETA: 0d 0h 0m 22s | Failed: 0 | Workers: 4
Completed: 11 / 12 (91.67%) | Rate: 0.27 battles/s | Elapsed: 0d 0h 0m 41s | ETA: 0d 0h 0m 3s | Failed: 0 | Workers: 4
Completed: 12 / 12 (100.00%) | Rate: 0.29 battles/s | Elapsed: 0d 0h 0m 41s | ETA: 0d 0h 0m 0s | Failed: 0 | Workers: 4
Starting new tournament state. Completed: 0; remaining: 12; failed: 0; incomplete/unstarted: 12
Completed: 2 / 12 (16.67%) | Rate: 0.19 battles/s | Elapsed: 0d 0h 0m 10s | ETA: 0d 0h 0m 51s | Failed: 0 | Workers: 6
Completed: 6 / 12 (50.00%) | Rate: 0.29 battles/s | Elapsed: 0d 0h 0m 20s | ETA: 0d 0h 0m 20s | Failed: 0 | Workers: 6
Completed: 11 / 12 (91.67%) | Rate: 0.35 battles/s | Elapsed: 0d 0h 0m 31s | ETA: 0d 0h 0m 2s | Failed: 0 | Workers: 6
Completed: 12 / 12 (100.00%) | Rate: 0.37 battles/s | Elapsed: 0d 0h 0m 32s | ETA: 0d 0h 0m 0s | Failed: 0 | Workers: 6
Starting new tournament state. Completed: 0; remaining: 12; failed: 0; incomplete/unstarted: 12
Completed: 0 / 12 (0.00%) | Rate: 0.00 battles/s | Elapsed: 0d 0h 0m 10s | ETA: unknown | Failed: 0 | Workers: 8
Completed: 7 / 12 (58.33%) | Rate: 0.35 battles/s | Elapsed: 0d 0h 0m 20s | ETA: 0d 0h 0m 14s | Failed: 0 | Workers: 8
Completed: 10 / 12 (83.33%) | Rate: 0.33 battles/s | Elapsed: 0d 0h 0m 30s | ETA: 0d 0h 0m 6s | Failed: 0 | Workers: 8
Completed: 12 / 12 (100.00%) | Rate: 0.38 battles/s | Elapsed: 0d 0h 0m 31s | ETA: 0d 0h 0m 0s | Failed: 0 | Workers: 8

Workers | Battles | Seconds | Battles/s | Mean task s | Speedup | Approx pool MiB | 1,205,904 days
      1 |      12 |  131.86 |     0.091 |       10.98 |    1.00 | 143             | 153.4
      2 |      12 |   73.67 |     0.163 |       11.50 |    1.79 | 262             | 85.7
      4 |      12 |   41.79 |     0.287 |       12.18 |    3.15 | 521             | 48.6
      6 |      12 |   32.02 |     0.375 |       13.70 |    4.12 | 685             | 37.2
      8 |      12 |   31.41 |     0.382 |       15.32 |    4.20 | 912             | 36.5
Recommended measured worker count: 6
